
> blog-backend@0.0.1 test
> jest src/app.controller.spec.ts

node.exe : FAIL src/ap
p.controller.spec.ts
En línea: 1 Carácter: 
1
+ & "C:\Program Files\
nodejs/node.exe" "C:\U
sers\Santiago\AppData\
Roami ...
+ ~~~~~~~~~~~~~~~~~~~~
~~~~~~~~~~~~~~~~~~~~~~
~~~~~~~~~~~~~~~~~~~~~~
~~~~~
    + CategoryInfo    
          : NotSpeci  
  fied: (FAIL src/a   
 pp.controller.spe    
c.ts:String) [],     
RemoteException
    + FullyQualifiedE 
   rrorId : NativeCo  
  mmandError
 
  AppController
    root
      ├ù should 
return "Hello World!" 
(17 ms)

  ÔùÅ AppController 
ÔÇ║ root ÔÇ║ should 
return "Hello World!"

    expect(received).t
oBe(expected) // 
Object.is equality

    Expected: 
{"message": "Online", 
"service": "posts-api 
service"}
    Received: "Hello 
World desde los 
Poderosos 
Programadores de 
Tercer Semestre!"

    [0m [90m 17 
|[39m   describe([32
m'root'[39m[33m,[39
m () [33m=>[39m {
     [90m 18 |[39m  
   it([32m'should 
return "Hello World!"'
[39m[33m,[39m () 
[33m=>[39m {
    [31m[1m>[22m[3
9m[90m 19 |[39m     
  expect(appController
[33m.[39mgetHello())
[33m.[39mtoBe(
     [90m    |[39m  
                      
                
[31m[1m^[22m[39m
     [90m 20 |[39m  
       {
     [90m 21 |[39m  
         
service[33m:[39m 
[32m"posts-api servic
e"[39m[33m,[39m
     [90m 22 |[39m  
         
message[33m:[39m 
[32m"Online"[39m[0m

      at 
Object.<anonymous> (ap
p.controller.spec.ts:1
9:40)

Test Suites: 1 
failed, 1 total
Tests:       1 
failed, 1 total
Snapshots:   0 total
Time:        1.119 s, 
estimated 2 s
Ran all test suites 
matching src/app.contr
oller.spec.ts.
